
> dental-frontend@0.0.0 start
> ng serve --host localhost --port 4200

[33m>[39m Building...
[32m√[39m Building...
[1mInitial chunk files[22m[2m | [22m[1mNames[22m                 [2m | [22m[1mRaw size[22m
[32mmain.js[39m            [2m | [22m[2mmain[22m                  [2m | [22m [36m4.19 MB[39m[2m | [22m
[32mchunk-OTPKGPMI.js[39m  [2m | [22m[2m-[22m                     [2m | [22m[36m69.40 kB[39m[2m | [22m
[32mstyles.css[39m         [2m | [22m[2mstyles[22m                [2m | [22m[36m56.99 kB[39m[2m | [22m

[1m [22m                  [2m | [22m[1mInitial total[22m         [2m | [22m [1m4.32 MB[22m

[1mLazy chunk files[22m   [2m | [22m[1mNames[22m                 [2m | [22m[1mRaw size[22m
[32mchunk-GLMBGXRP.js[39m  [2m | [22m[2mpatient-treatment-plan[22m[2m | [22m[36m54.35 kB[39m[2m | [22m

Application bundle generation complete. [10.347 seconds] - 2026-05-09T04:18:11.031Z

Watch mode enabled. Watching for file changes...
NOTE: Raw file sizes do not reflect development server per-request transformations.
  [32m➜[39m  [1mLocal[22m:   [36mhttp://localhost:[1m4200[22m/[39m
[33m>[39m Changes detected. Rebuilding...
[32m√[39m Changes detected. Rebuilding...
[1mInitial chunk files[22m[2m | [22m[1mNames[22m[2m | [22m[1mRaw size[22m
[32mmain.js[39m            [2m | [22m[2mmain[22m [2m | [22m [36m4.19 MB[39m[2m | [22m

Application bundle generation complete. [8.233 seconds] - 2026-05-09T04:19:21.914Z

Component update sent to client(s).
[33m>[39m Changes detected. Rebuilding...
[32m√[39m Changes detected. Rebuilding...
[1mInitial chunk files[22m[2m | [22m[1mNames[22m[2m | [22m[1mRaw size[22m
[32mmain.js[39m            [2m | [22m[2mmain[22m [2m | [22m [36m4.19 MB[39m[2m | [22m

Application bundle generation complete. [1.094 seconds] - 2026-05-09T04:19:23.732Z

Component update sent to client(s).
[33m>[39m Changes detected. Rebuilding...
[32m√[39m Changes detected. Rebuilding...
[1mInitial chunk files[22m[2m | [22m[1mNames[22m[2m | [22m[1mRaw size[22m
[32mmain.js[39m            [2m | [22m[2mmain[22m [2m | [22m [36m4.19 MB[39m[2m | [22m

Application bundle generation complete. [1.201 seconds] - 2026-05-09T04:20:47.231Z

Component update sent to client(s).
[33m>[39m Changes detected. Rebuilding...
[32m√[39m Changes detected. Rebuilding...
[1mInitial chunk files[22m[2m | [22m[1mNames[22m[2m | [22m[1mRaw size[22m
[32mmain.js[39m            [2m | [22m[2mmain[22m [2m | [22m [36m4.20 MB[39m[2m | [22m

Application bundle generation complete. [1.157 seconds] - 2026-05-09T04:20:54.572Z

Component update sent to client(s).
