[1m[33m[33m▲ [43;33m[[43;30mWARNING[43;33m][0m [1mNG8107: The left side of this optional chain operation does not include 'null' or 'undefined' in its type, therefore the '?.' operator can be replaced with the '.' operator.[0m [1m[35m[plugin angular-compiler][0m

    src/app/patient-medical-vault/patient-medical-vault.html:185:54:
[37m      185 │               <div class="meta-block" *ngIf="r.notes?.[32mlength[37m">
          ╵                                                       [32m~~~~~~[0m

  Warning occurs in the template of component PatientMedicalVault.

    src/app/patient-medical-vault/patient-medical-vault.ts:83:15:
[37m      83 │   templateUrl: [32m'./patient-medical-vault.html'[37m,
         ╵                [32m~~~~~~~~~~~~~~~~~~~~~~~~~~~~~~[0m

[39m[22m
[1m[33m[33m▲ [43;33m[[43;30mWARNING[43;33m][0m [1mNG8107: The left side of this optional chain operation does not include 'null' or 'undefined' in its type, therefore the '?.' operator can be replaced with the '.' operator.[0m [1m[35m[plugin angular-compiler][0m

    src/app/patient-medical-vault/patient-medical-vault.html:185:54:
[37m      185 │               <div class="meta-block" *ngIf="r.notes?.[32mlength[37m">
          ╵                                                       [32m~~~~~~[0m

  Warning occurs in the template of component PatientMedicalVault.

    src/app/patient-medical-vault/patient-medical-vault.ts:83:15:
[37m      83 │   templateUrl: [32m'./patient-medical-vault.html'[37m,
         ╵                [32m~~~~~~~~~~~~~~~~~~~~~~~~~~~~~~[0m

[39m[22m
[1m[33m[33m▲ [43;33m[[43;30mWARNING[43;33m][0m [1mNG8107: The left side of this optional chain operation does not include 'null' or 'undefined' in its type, therefore the '?.' operator can be replaced with the '.' operator.[0m [1m[35m[plugin angular-compiler][0m

    src/app/patient-medical-vault/patient-medical-vault.html:185:54:
[37m      185 │               <div class="meta-block" *ngIf="r.notes?.[32mlength[37m">
          ╵                                                       [32m~~~~~~[0m

  Warning occurs in the template of component PatientMedicalVault.

    src/app/patient-medical-vault/patient-medical-vault.ts:83:15:
[37m      83 │   templateUrl: [32m'./patient-medical-vault.html'[37m,
         ╵                [32m~~~~~~~~~~~~~~~~~~~~~~~~~~~~~~[0m

[39m[22m
[1m[33m[33m▲ [43;33m[[43;30mWARNING[43;33m][0m [1mNG8107: The left side of this optional chain operation does not include 'null' or 'undefined' in its type, therefore the '?.' operator can be replaced with the '.' operator.[0m [1m[35m[plugin angular-compiler][0m

    src/app/patient-medical-vault/patient-medical-vault.html:185:54:
[37m      185 │               <div class="meta-block" *ngIf="r.notes?.[32mlength[37m">
          ╵                                                       [32m~~~~~~[0m

  Warning occurs in the template of component PatientMedicalVault.

    src/app/patient-medical-vault/patient-medical-vault.ts:83:15:
[37m      83 │   templateUrl: [32m'./patient-medical-vault.html'[37m,
         ╵                [32m~~~~~~~~~~~~~~~~~~~~~~~~~~~~~~[0m

[39m[22m
[1m[33m[33m▲ [43;33m[[43;30mWARNING[43;33m][0m [1mNG8107: The left side of this optional chain operation does not include 'null' or 'undefined' in its type, therefore the '?.' operator can be replaced with the '.' operator.[0m [1m[35m[plugin angular-compiler][0m

    src/app/patient-medical-vault/patient-medical-vault.html:185:54:
[37m      185 │               <div class="meta-block" *ngIf="r.notes?.[32mlength[37m">
          ╵                                                       [32m~~~~~~[0m

  Warning occurs in the template of component PatientMedicalVault.

    src/app/patient-medical-vault/patient-medical-vault.ts:83:15:
[37m      83 │   templateUrl: [32m'./patient-medical-vault.html'[37m,
         ╵                [32m~~~~~~~~~~~~~~~~~~~~~~~~~~~~~~[0m

[39m[22m
